Info: Starting: Create block symbol file (.bsf)
Info: qsys-generate "C:\Users\Graham\Google Drive\SCHOOL\W20\ECE 342 JUNIOR DESIGN II\MusicBoxProto Quartus\unnamed.qsys" --block-symbol-file --output-directory="C:\Users\Graham\Google Drive\SCHOOL\W20\ECE 342 JUNIOR DESIGN II\MusicBoxProto Quartus\unnamed" --family="MAX 10" --part=10M50DAF484C7G
Progress: Loading MusicBoxProto Quartus/unnamed.qsys
Progress: Reading input file
Progress: Adding modular_adc_0 [altera_modular_adc 18.0]
Progress: Parameterizing module modular_adc_0
Progress: Building connections
Progress: Parameterizing connections
Progress: Validating
Progress: Done reading input file
Info: qsys-generate succeeded.
Info: Finished: Create block symbol file (.bsf)
Info: 
Info: Starting: Create HDL design files for synthesis
Info: qsys-generate "C:\Users\Graham\Google Drive\SCHOOL\W20\ECE 342 JUNIOR DESIGN II\MusicBoxProto Quartus\unnamed.qsys" --synthesis=VERILOG --output-directory="C:\Users\Graham\Google Drive\SCHOOL\W20\ECE 342 JUNIOR DESIGN II\MusicBoxProto Quartus\unnamed\synthesis" --family="MAX 10" --part=10M50DAF484C7G
Progress: Loading MusicBoxProto Quartus/unnamed.qsys
Progress: Reading input file
Progress: Adding modular_adc_0 [altera_modular_adc 18.0]
Progress: Parameterizing module modular_adc_0
Progress: Building connections
Progress: Parameterizing connections
Progress: Validating
Progress: Done reading input file
Info: unnamed: Generating unnamed "unnamed" for QUARTUS_SYNTH
Info: modular_adc_0: "unnamed" instantiated altera_modular_adc "modular_adc_0"
Info: control_internal: "modular_adc_0" instantiated altera_modular_adc_control "control_internal"
Info: unnamed: Done "unnamed" with 3 modules, 9 files
Info: qsys-generate succeeded.
Info: Finished: Create HDL design files for synthesis
