------------------------------------------------------------
Timing Analyzer Summary
------------------------------------------------------------

Type  : Slow 1200mV 85C Model Setup 'ClockGenerator:clockGenerator_32Khz|outputClock'
Slack : -5.541
TNS   : -65.657

Type  : Slow 1200mV 85C Model Setup 'max10Board_50MhzClock'
Slack : -3.960
TNS   : -111.651

Type  : Slow 1200mV 85C Model Setup 'SPI_OutputControllerDac:sPI_OutputControllerDac|ClockGenerator:clockGenerator_714Khz|outputClock'
Slack : -3.260
TNS   : -83.776

Type  : Slow 1200mV 85C Model Setup 'ClockGenerator:clockGenerator_100hz|outputClock'
Slack : -2.695
TNS   : -28.836

Type  : Slow 1200mV 85C Model Hold 'ClockGenerator:clockGenerator_100hz|outputClock'
Slack : 0.347
TNS   : 0.000

Type  : Slow 1200mV 85C Model Hold 'SPI_OutputControllerDac:sPI_OutputControllerDac|ClockGenerator:clockGenerator_714Khz|outputClock'
Slack : 0.347
TNS   : 0.000

Type  : Slow 1200mV 85C Model Hold 'max10Board_50MhzClock'
Slack : 0.347
TNS   : 0.000

Type  : Slow 1200mV 85C Model Hold 'ClockGenerator:clockGenerator_32Khz|outputClock'
Slack : 0.633
TNS   : 0.000

Type  : Slow 1200mV 85C Model Minimum Pulse Width 'max10Board_50MhzClock'
Slack : -3.000
TNS   : -94.195

Type  : Slow 1200mV 85C Model Minimum Pulse Width 'SPI_OutputControllerDac:sPI_OutputControllerDac|ClockGenerator:clockGenerator_714Khz|outputClock'
Slack : -1.403
TNS   : -44.896

Type  : Slow 1200mV 85C Model Minimum Pulse Width 'ClockGenerator:clockGenerator_32Khz|outputClock'
Slack : -1.403
TNS   : -22.448

Type  : Slow 1200mV 85C Model Minimum Pulse Width 'ClockGenerator:clockGenerator_100hz|outputClock'
Slack : -1.403
TNS   : -16.836

Type  : Slow 1200mV 0C Model Setup 'ClockGenerator:clockGenerator_32Khz|outputClock'
Slack : -4.962
TNS   : -59.038

Type  : Slow 1200mV 0C Model Setup 'max10Board_50MhzClock'
Slack : -3.613
TNS   : -95.634

Type  : Slow 1200mV 0C Model Setup 'SPI_OutputControllerDac:sPI_OutputControllerDac|ClockGenerator:clockGenerator_714Khz|outputClock'
Slack : -2.962
TNS   : -75.202

Type  : Slow 1200mV 0C Model Setup 'ClockGenerator:clockGenerator_100hz|outputClock'
Slack : -2.423
TNS   : -25.721

Type  : Slow 1200mV 0C Model Hold 'ClockGenerator:clockGenerator_100hz|outputClock'
Slack : 0.311
TNS   : 0.000

Type  : Slow 1200mV 0C Model Hold 'SPI_OutputControllerDac:sPI_OutputControllerDac|ClockGenerator:clockGenerator_714Khz|outputClock'
Slack : 0.311
TNS   : 0.000

Type  : Slow 1200mV 0C Model Hold 'max10Board_50MhzClock'
Slack : 0.312
TNS   : 0.000

Type  : Slow 1200mV 0C Model Hold 'ClockGenerator:clockGenerator_32Khz|outputClock'
Slack : 0.574
TNS   : 0.000

Type  : Slow 1200mV 0C Model Minimum Pulse Width 'max10Board_50MhzClock'
Slack : -3.000
TNS   : -94.195

Type  : Slow 1200mV 0C Model Minimum Pulse Width 'SPI_OutputControllerDac:sPI_OutputControllerDac|ClockGenerator:clockGenerator_714Khz|outputClock'
Slack : -1.403
TNS   : -44.896

Type  : Slow 1200mV 0C Model Minimum Pulse Width 'ClockGenerator:clockGenerator_32Khz|outputClock'
Slack : -1.403
TNS   : -22.448

Type  : Slow 1200mV 0C Model Minimum Pulse Width 'ClockGenerator:clockGenerator_100hz|outputClock'
Slack : -1.403
TNS   : -16.836

Type  : Fast 1200mV 0C Model Setup 'ClockGenerator:clockGenerator_32Khz|outputClock'
Slack : -1.683
TNS   : -18.956

Type  : Fast 1200mV 0C Model Setup 'max10Board_50MhzClock'
Slack : -1.145
TNS   : -10.911

Type  : Fast 1200mV 0C Model Setup 'SPI_OutputControllerDac:sPI_OutputControllerDac|ClockGenerator:clockGenerator_714Khz|outputClock'
Slack : -0.775
TNS   : -15.653

Type  : Fast 1200mV 0C Model Setup 'ClockGenerator:clockGenerator_100hz|outputClock'
Slack : -0.557
TNS   : -5.672

Type  : Fast 1200mV 0C Model Hold 'ClockGenerator:clockGenerator_100hz|outputClock'
Slack : 0.151
TNS   : 0.000

Type  : Fast 1200mV 0C Model Hold 'SPI_OutputControllerDac:sPI_OutputControllerDac|ClockGenerator:clockGenerator_714Khz|outputClock'
Slack : 0.151
TNS   : 0.000

Type  : Fast 1200mV 0C Model Hold 'max10Board_50MhzClock'
Slack : 0.152
TNS   : 0.000

Type  : Fast 1200mV 0C Model Hold 'ClockGenerator:clockGenerator_32Khz|outputClock'
Slack : 0.247
TNS   : 0.000

Type  : Fast 1200mV 0C Model Minimum Pulse Width 'max10Board_50MhzClock'
Slack : -3.000
TNS   : -79.084

Type  : Fast 1200mV 0C Model Minimum Pulse Width 'SPI_OutputControllerDac:sPI_OutputControllerDac|ClockGenerator:clockGenerator_714Khz|outputClock'
Slack : -1.000
TNS   : -32.000

Type  : Fast 1200mV 0C Model Minimum Pulse Width 'ClockGenerator:clockGenerator_32Khz|outputClock'
Slack : -1.000
TNS   : -16.000

Type  : Fast 1200mV 0C Model Minimum Pulse Width 'ClockGenerator:clockGenerator_100hz|outputClock'
Slack : -1.000
TNS   : -12.000

------------------------------------------------------------
