------------------------------------------------------------
Timing Analyzer Summary
------------------------------------------------------------

Type  : Slow 1200mV 85C Model Setup 'SPI_OutputControllerDac:sPI_OutputControllerDac|ClockGenerator:clockGenerator_714Khz|outputClock'
Slack : -30.908
TNS   : -289.577

Type  : Slow 1200mV 85C Model Setup 'ClockGenerator:clockGenerator_32Khz|outputClock'
Slack : -5.960
TNS   : -271.831

Type  : Slow 1200mV 85C Model Setup 'max10Board_50MhzClock'
Slack : -3.992
TNS   : -63.391

Type  : Slow 1200mV 85C Model Hold 'SPI_OutputControllerDac:sPI_OutputControllerDac|ClockGenerator:clockGenerator_714Khz|outputClock'
Slack : 0.321
TNS   : 0.000

Type  : Slow 1200mV 85C Model Hold 'ClockGenerator:clockGenerator_32Khz|outputClock'
Slack : 0.322
TNS   : 0.000

Type  : Slow 1200mV 85C Model Hold 'max10Board_50MhzClock'
Slack : 0.348
TNS   : 0.000

Type  : Slow 1200mV 85C Model Minimum Pulse Width 'max10Board_50MhzClock'
Slack : -3.000
TNS   : -57.717

Type  : Slow 1200mV 85C Model Minimum Pulse Width 'ClockGenerator:clockGenerator_32Khz|outputClock'
Slack : -1.403
TNS   : -99.613

Type  : Slow 1200mV 85C Model Minimum Pulse Width 'SPI_OutputControllerDac:sPI_OutputControllerDac|ClockGenerator:clockGenerator_714Khz|outputClock'
Slack : -1.403
TNS   : -39.284

Type  : Slow 1200mV 0C Model Setup 'SPI_OutputControllerDac:sPI_OutputControllerDac|ClockGenerator:clockGenerator_714Khz|outputClock'
Slack : -28.144
TNS   : -262.822

Type  : Slow 1200mV 0C Model Setup 'ClockGenerator:clockGenerator_32Khz|outputClock'
Slack : -5.333
TNS   : -242.945

Type  : Slow 1200mV 0C Model Setup 'max10Board_50MhzClock'
Slack : -3.640
TNS   : -54.500

Type  : Slow 1200mV 0C Model Hold 'ClockGenerator:clockGenerator_32Khz|outputClock'
Slack : 0.288
TNS   : 0.000

Type  : Slow 1200mV 0C Model Hold 'SPI_OutputControllerDac:sPI_OutputControllerDac|ClockGenerator:clockGenerator_714Khz|outputClock'
Slack : 0.288
TNS   : 0.000

Type  : Slow 1200mV 0C Model Hold 'max10Board_50MhzClock'
Slack : 0.312
TNS   : 0.000

Type  : Slow 1200mV 0C Model Minimum Pulse Width 'max10Board_50MhzClock'
Slack : -3.000
TNS   : -57.717

Type  : Slow 1200mV 0C Model Minimum Pulse Width 'ClockGenerator:clockGenerator_32Khz|outputClock'
Slack : -1.403
TNS   : -99.613

Type  : Slow 1200mV 0C Model Minimum Pulse Width 'SPI_OutputControllerDac:sPI_OutputControllerDac|ClockGenerator:clockGenerator_714Khz|outputClock'
Slack : -1.403
TNS   : -39.284

Type  : Fast 1200mV 0C Model Setup 'SPI_OutputControllerDac:sPI_OutputControllerDac|ClockGenerator:clockGenerator_714Khz|outputClock'
Slack : -12.522
TNS   : -105.936

Type  : Fast 1200mV 0C Model Setup 'ClockGenerator:clockGenerator_32Khz|outputClock'
Slack : -1.868
TNS   : -75.746

Type  : Fast 1200mV 0C Model Setup 'max10Board_50MhzClock'
Slack : -1.172
TNS   : -5.617

Type  : Fast 1200mV 0C Model Hold 'SPI_OutputControllerDac:sPI_OutputControllerDac|ClockGenerator:clockGenerator_714Khz|outputClock'
Slack : 0.138
TNS   : 0.000

Type  : Fast 1200mV 0C Model Hold 'ClockGenerator:clockGenerator_32Khz|outputClock'
Slack : 0.140
TNS   : 0.000

Type  : Fast 1200mV 0C Model Hold 'max10Board_50MhzClock'
Slack : 0.152
TNS   : 0.000

Type  : Fast 1200mV 0C Model Minimum Pulse Width 'max10Board_50MhzClock'
Slack : -3.000
TNS   : -48.630

Type  : Fast 1200mV 0C Model Minimum Pulse Width 'ClockGenerator:clockGenerator_32Khz|outputClock'
Slack : -1.000
TNS   : -71.000

Type  : Fast 1200mV 0C Model Minimum Pulse Width 'SPI_OutputControllerDac:sPI_OutputControllerDac|ClockGenerator:clockGenerator_714Khz|outputClock'
Slack : -1.000
TNS   : -28.000

------------------------------------------------------------
